---
source: crates/org-parser/src/element/latex_env.rs
description: |
  
  \begin{one}more stuff
  \end{one}
---
0..33 [1, 2]
  0..1 BlankLine
  1..33 Paragraph([3, 5, 4, 6])
    1..12 Command { name: "begin", contents: Some("one") }
    12..22 "more stuff"
    22..23 SoftBreak
    23..32 Command { name: "end", contents: Some("one") }
