---
source: crates/org-parser/src/element/latex_env.rs
description: |
  
  \begin{a13214-}
  \end{a13214-}
---
0..31 [1, 2]
  0..1 BlankLine
  1..31 Paragraph([3, 4, 5])
    1..16 Command { name: "begin", contents: Some("a13214-") }
    16..17 SoftBreak
    17..30 Command { name: "end", contents: Some("a13214-") }
