---
source: crates/org-parser/src/element/block.rs
description: |
  
               #+begin_swag
               we are eating so good?
               #+end_swag
---
0..87 [1, 2, 5]
  0..1 BlankLine
  14..86 Special { parameters: {}, contents: [3], name: "swag" }
    40..63 Paragraph([4])
      40..62 "we are eating so good?"
  86..87 BlankLine
