---
source: crates/org-parser/src/element/latex_env.rs
description: |
  
  \begin{align*}
  \end{align*}
---
0..29 [1, 2]
  0..1 BlankLine
  1..29 Paragraph([3, 4, 5])
    1..15 Command { name: "begin", contents: Some("align*") }
    15..16 SoftBreak
    16..28 Command { name: "end", contents: Some("align*") }
