---
source: crates/org-parser/src/element/latex_env.rs
expression: "$crate :: test_util :: snapshot_text(parser)"
---
"\n\\begin{one}more stuff\n\\end{one}\n"
0..33 [1, 2]
  0..1 BlankLine
  1..33 Paragraph([3, 5, 4, 6])
    1..12 Command { name: "begin", contents: Some("one") }
    12..22 "more stuff"
    22..23 SoftBreak
    23..32 Command { name: "end", contents: Some("one") }
