---
source: crates/org-parser/src/element/latex_env.rs
expression: "$crate :: test_util :: snapshot_text(parser)"
---
"\n\\begin{start}\n\\end{notstart}\n"
0..30 [1, 2]
  0..1 BlankLine
  1..30 Paragraph([3, 4, 5])
    1..14 Command { name: "begin", contents: Some("start") }
    14..15 SoftBreak
    15..29 Command { name: "end", contents: Some("notstart") }
