---
source: crates/org-parser/src/element/plain_list.rs
expression: "$crate :: test_util :: snapshot_text(parser)"
---
"\n- one\n abcdef\n- two\n- three\n- four\n\n\n- five\n"
0..45 [1, 18, 12, 14, 22]
  0..1 BlankLine
  1..36 PlainList { children: [2, 6, 8, 10], kind: Unordered }
    1..15 Item { bullet: Unordered, counter_set: None, check_box: None, tag: None, children: [3] }
      3..15 Paragraph([5, 4, 17])
        3..6 "one"
        6..7 SoftBreak
        7..14 " abcdef"
    15..21 Item { bullet: Unordered, counter_set: None, check_box: None, tag: None, children: [7] }
      17..21 Paragraph([16])
        17..20 "two"
    21..29 Item { bullet: Unordered, counter_set: None, check_box: None, tag: None, children: [9] }
      23..29 Paragraph([15])
        23..28 "three"
    29..36 Item { bullet: Unordered, counter_set: None, check_box: None, tag: None, children: [11] }
      31..36 Paragraph([13])
        31..35 "four"
  36..37 BlankLine
  37..38 BlankLine
  38..45 PlainList { children: [19], kind: Unordered }
    38..45 Item { bullet: Unordered, counter_set: None, check_box: None, tag: None, children: [20] }
      40..45 Paragraph([21])
        40..44 "five"
